.next/types/validator.ts(25,44): error TS2344: Type 'Route' does not satisfy the constraint '"/"'.
  Type 'LayoutRoutes' is not assignable to type '"/"'.
    Type '"/dashboard"' is not assignable to type '"/"'.
.next/types/validator.ts(25,75): error TS2344: Type 'Route' does not satisfy the constraint '"/"'.
  Type 'LayoutRoutes' is not assignable to type '"/"'.
    Type '"/dashboard"' is not assignable to type '"/"'.
.next/types/validator.ts(170,39): error TS2307: Cannot find module '../../src/app/(dashboard)/page.js' or its corresponding type declarations.
.next/types/validator.ts(287,39): error TS2307: Cannot find module '../../src/app/dashboard/page.js' or its corresponding type declarations.
.next/types/validator.ts(489,39): error TS2307: Cannot find module '../../src/app/dashboard/layout.js' or its corresponding type declarations.
